// Jest Snapshot v1, https://goo.gl/fbAQLP

exports[`OrganizationMembership has the same initial properties 1`] = `
OrganizationMembership {
  "createdAt": 1970-01-01T00:00:12.345Z,
  "id": "test_id",
  "publicUserData": Object {
    "firstName": "test_first_name",
    "identifier": "test@identifier.gr",
    "lastName": "test_last_name",
    "profileImageUrl": "test_url",
    "userId": undefined,
  },
  "role": "admin",
  "updatedAt": 1970-01-01T00:00:05.678Z,
}
`;
