// Jest Snapshot v1, https://goo.gl/fbAQLP

exports[`module exports should not change unless explicitly set 1`] = `
Object {
  "API_KEY": "TEST_API_KEY",
  "AllowlistIdentifier": [Function],
  "AuthStatus": Object {
    "Interstitial": "Interstitial",
    "SignedIn": "Signed in",
    "SignedOut": "Signed out",
  },
  "Base": [Function],
  "ClerkBackendAPI": [Function],
  "Client": [Function],
  "Email": [Function],
  "EmailAddress": [Function],
  "ExternalAccount": [Function],
  "IdentificationLink": [Function],
  "Invitation": [Function],
  "ObjectType": Object {
    "AllowlistIdentifier": "allowlist_identifier",
    "Client": "client",
    "Email": "email",
    "EmailAddress": "email_address",
    "ExternalAccount": "external_account",
    "FacebookAccount": "facebook_account",
    "GoogleAccount": "google_account",
    "Invitation": "invitation",
    "Organization": "organization",
    "OrganizationInvitation": "organization_invitation",
    "OrganizationMembership": "organization_membership",
    "PhoneNumber": "phone_number",
    "Session": "session",
    "SignInAttempt": "sign_in_attempt",
    "SignUpAttempt": "sign_up_attempt",
    "SmsMessage": "sms_message",
    "Token": "token",
    "TotalCount": "total_count",
    "User": "user",
    "Web3Wallet": "web3_wallet",
  },
  "Organization": [Function],
  "OrganizationInvitation": [Function],
  "OrganizationMembership": [Function],
  "OrganizationMembershipPublicUserData": [Function],
  "PhoneNumber": [Function],
  "SMSMessage": [Function],
  "Session": [Function],
  "Token": [Function],
  "User": [Function],
  "Verification": [Function],
  "createGetToken": [Function],
  "createSignedOutState": [Function],
}
`;
