// Jest Snapshot v1, https://goo.gl/fbAQLP

exports[`client defaults 1`] = `
Client {
  "createdAt": 12345,
  "id": "mock_client_dto",
  "lastActiveSessionId": "mock_active_session_id",
  "sessionIds": Array [
    "mock_session_ids",
  ],
  "sessions": Array [
    Session {
      "abandonAt": 12345,
      "clientId": "mock_client_id",
      "createdAt": 12345,
      "expireAt": 12345,
      "id": "mock_session",
      "lastActiveAt": 12345,
      "status": "mock_status",
      "updatedAt": 12345,
      "userId": "mock_user_id",
    },
  ],
  "signInAttemptId": "mock_attempt_id",
  "signInId": null,
  "signUpAttemptId": null,
  "signUpId": null,
  "updatedAt": 12345,
}
`;
