// Jest Snapshot v1, https://goo.gl/fbAQLP

exports[`phone number defaults 1`] = `
PhoneNumber {
  "defaultSecondFactor": true,
  "id": "mock_phone_number_id",
  "linkedTo": Array [],
  "phoneNumber": "+12345678",
  "reservedForSecondFactor": true,
  "verification": null,
}
`;
