// Jest Snapshot v1, https://goo.gl/fbAQLP

exports[`<SocialAccountDetail/> Social Account Detail renders Google account 1`] = `
Array [
  <div
    className="cl-page-heading"
  >
    <a
      aria-label="Back Button"
      className="cl-back-button cl-back-button"
      onClick={[Function]}
    >
      <svg
        data-filename="../shared/assets/icons/arrow-left.svg"
      />
    </a>
    <div
      className="cl-text-container"
    >
      <h2
        className="heading h2 cl-title"
      >
        Social account
      </h2>
      <p
        className="cl-subtitle"
      />
    </div>
  </div>,
  <div
    className="card card cl-themed-card cl-list-card"
  >
    <div
      className="titleContainer"
    >
      <h1
        className="title"
      >
        <div
          style={
            Object {
              "paddingLeft": "1em",
            }
          }
        >
          <img
            alt="Google"
            className="cl-left-icon-wrapper"
            src="https://images.clerk.dev/static/google.svg"
          />
          Â  
          Google
        </div>
      </h1>
      <p
        className="subtitle"
      >
         
      </p>
    </div>
    <div>
      <div
        className="cl-list-item elementContainer"
        disabled={false}
      >
        <div
          className="title"
        >
          Photo
        </div>
        <div
          className="listItem line"
        >
          <div
            className="start"
          >
            <img
              alt=""
              className="avatar cl-image"
              height={32}
              onError={[Function]}
              src="https://www.gravatar.com/avatar?d=mp"
              title=""
              width={32}
            />
          </div>
          <div
            className="iconContainer"
          />
        </div>
      </div>
      <div
        className="cl-list-item elementContainer"
        disabled={false}
      >
        <div
          className="title"
        >
          Email
        </div>
        <div
          className="listItem line"
        >
          <div
            className="start"
          >
            <div>
              peter@gmail.com
            </div>
          </div>
          <div
            className="iconContainer"
          />
        </div>
      </div>
    </div>
    <button
      className="button text error hoverable cl-add-resource-button cl-remove-button"
      onClick={[Function]}
      type="button"
    >
      <svg
        data-filename="../shared/assets/icons/bin.svg"
      />
      Unlink
    </button>
  </div>,
]
`;
