// Jest Snapshot v1, https://goo.gl/fbAQLP

exports[`<AddNewWeb3Wallet/> renders the AddNewWeb3Wallet 1`] = `
Array [
  <div
    className="cl-page-heading"
  >
    <a
      aria-label="Back Button"
      className="cl-back-button cl-back-button"
      onClick={[Function]}
    >
      <svg
        data-filename="../shared/assets/icons/arrow-left.svg"
      />
    </a>
    <div
      className="cl-text-container"
    >
      <h2
        className="heading h2 cl-title"
      >
        Back
      </h2>
      <p
        className="cl-subtitle"
      />
    </div>
  </div>,
  <div
    className="card card cl-themed-card cl-verifiable-field-card"
  >
    <div
      className="titleContainer"
    >
      <h1
        className="title"
      >
        Add web3 wallet
      </h1>
      <p
        className="subtitle"
      >
        Connect your web3 wallet
      </p>
    </div>
    <div>
      <button
        className="cl-list-item elementContainer button hoverable"
        disabled={false}
        onClick={[Function]}
      >
        <div
          className="listItem line"
        >
          <div
            className="start"
          >
            <div>
              <img
                alt="metamask"
                className="cl-left-icon-wrapper"
                src="https://images.clerk.dev/static/metamask.svg"
              />
              Connect 
              Metamask
               wallet
            </div>
          </div>
          <div
            className="iconContainer"
          >
            <div
              className="icon"
            >
              <svg
                data-filename="../shared/assets/icons/arrow-right.svg"
              />
            </div>
          </div>
        </div>
      </button>
    </div>
  </div>,
]
`;
