// Jest Snapshot v1, https://goo.gl/fbAQLP

exports[`<Web3WalletDetail/> renders Web3WalletDetail 1`] = `
Array [
  <div
    className="cl-page-heading"
  >
    <a
      aria-label="Back Button"
      className="cl-back-button cl-back-button"
      onClick={[Function]}
    >
      <svg
        data-filename="../shared/assets/icons/arrow-left.svg"
      />
    </a>
    <div
      className="cl-text-container"
    >
      <h2
        className="heading h2 cl-title"
      >
        Web3 wallet
      </h2>
      <p
        className="cl-subtitle"
      >
        Manage this Web3 wallet
      </p>
    </div>
  </div>,
  <div
    className="card card cl-themed-card cl-list-card cl-verifiable-field-card"
  >
    <div>
      <div
        className="cl-list-item elementContainer"
        disabled={false}
      >
        <div
          className="listItem line"
        >
          <div
            className="start"
          >
            <div>
              <div
                className="cl-ident-detail"
              >
                0x0000000000000000000000000000000000000000
                <div
                  className="cl-tags"
                >
                  <span
                    className="tag primary sm cl-tag"
                  >
                    Primary
                  </span>
                  <span
                    className="tag success sm cl-tag"
                  >
                    Verified
                  </span>
                </div>
              </div>
            </div>
          </div>
          <div
            className="iconContainer"
          />
        </div>
      </div>
      <div
        className="cl-list-item elementContainer"
        disabled={false}
      >
        <div
          className="listItem line"
        >
          <div
            className="start"
          >
            <div
              className="cl-primary-status-container"
            >
              <div
                className="cl-description"
              >
                <svg
                  data-filename="../shared/assets/icons/mail.svg"
                />
                <div
                  className="cl-text"
                >
                  <div
                    className="cl-title"
                  >
                    Primary web3 wallet
                  </div>
                </div>
              </div>
              <label
                className="container disabled"
                onKeyPress={[Function]}
              >
                <span
                  aria-checked={true}
                  className="toggle"
                  role="switch"
                  tabIndex={0}
                >
                  <input
                    checked={true}
                    disabled={true}
                    name="primary_toggle"
                    onChange={[Function]}
                    tabIndex={-1}
                    type="checkbox"
                  />
                  <span
                    className="slider"
                  />
                </span>
              </label>
            </div>
          </div>
          <div
            className="iconContainer"
          />
        </div>
      </div>
    </div>
    <button
      className="button text error hoverable cl-add-resource-button cl-remove-button"
      onClick={[Function]}
      type="button"
    >
      <svg
        data-filename="../shared/assets/icons/bin.svg"
      />
      Unlink
    </button>
  </div>,
]
`;
