// Jest Snapshot v1, https://goo.gl/fbAQLP

exports[`<ProfileSocialAccounts/> renders the ProfileSocialAccounts 1`] = `
<button
  className="cl-list-item elementContainer button hoverable"
  disabled={false}
  onClick={[Function]}
>
  <div
    className="title"
  >
    Social accounts
  </div>
  <div
    className="listItem line"
  >
    <div
      className="start"
    >
      <div
        className="cl-list-item-entry"
      >
        <div>
          <img
            alt="Google"
            className="cl-left-icon-wrapper"
            src="https://images.clerk.dev/static/google.svg"
          />
          clerk@clerk.dev
        </div>
      </div>
    </div>
    <div
      className="iconContainer"
    >
      <svg
        data-filename="../shared/assets/icons/arrow-right.svg"
      />
    </div>
  </div>
</button>
`;
